// Jest Snapshot v1, https://goo.gl/fbAQLP

exports[`Box matches snapshot 1`] = `[Function]`;
