// Jest Snapshot v1, https://goo.gl/fbAQLP

exports[`Boxlist matches snapshot 1`] = `[Function]`;
