// Jest Snapshot v1, https://goo.gl/fbAQLP

exports[`NewBoxForm matches snapshot 1`] = `[Function]`;
