// Jest Snapshot v1, https://goo.gl/fbAQLP

exports[`NewTodoForm matches snapshot 1`] = `[Function]`;
