// Jest Snapshot v1, https://goo.gl/fbAQLP

exports[`TodoList matches snapshot 1`] = `[Function]`;
